# generated by ks_gen.py 10 40 -o n40.txt
# The
k 60 20
1 9
2 6
3 9
4 10
5 10
6 8